// Jest Snapshot v1, https://goo.gl/fbAQLP

exports[`Should take a snapshot 1`] = `
<DocumentFragment>
  <main
    data-testid="app"
  >
    <section
      class="layout"
      data-testid="layout"
    >
      <header
        class="layout--navbar"
        data-testid="layout--navbar"
      >
        <nav
          class="navbar"
          data-testid="navbar"
        >
          <div
            class="navbar__icon"
            data-testid="icons"
          >
            <svg
              class="navbar__icon--logo"
            >
              logo.svg
            </svg>
            <svg
              class="navbar__icon--menu"
            >
              menuIcon.svg
            </svg>
          </div>
          <div
            class="navbar__avatar"
          >
            <div
              class="navbar__avatar__holder"
            >
              <div
                class="navbar__avatar--initials"
                data-testid="initials"
              >
                <span
                  class="h2"
                />
                <span
                  class="h2"
                />
              </div>
            </div>
            <div
              class="navbar__avatar__details"
              data-testid="details"
            >
              <p
                class="bold family roboto"
              >
                N/A
              </p>
            </div>
          </div>
        </nav>
      </header>
      <aside
        class="layout--sidebar"
        data-testid="layout--sidebar"
      >
        <section
          class="sidebar"
          data-testid="sidebar"
        >
          <section
            class="sidebar--body"
            data-testid="sidebar--body"
          >
            <a
              class=""
              data-testid="sidebar--link"
              href="/"
            >
              <svg
                class="active "
              >
                chart.svg
              </svg>
            </a>
            <a
              class=""
              data-testid="sidebar--link"
              href="/block"
            >
              <svg
                class=""
              >
                block.svg
              </svg>
            </a>
            <a
              class=""
              data-testid="sidebar--link"
              href="/monitor"
            >
              <svg
                class=""
              >
                monitor.svg
              </svg>
            </a>
            <a
              class=""
              data-testid="sidebar--link"
              href="/reports"
            >
              <svg
                class=""
              >
                report.svg
              </svg>
            </a>
            <a
              class=""
              data-testid="sidebar--link"
              href="/switch"
            >
              <svg
                class=""
              >
                switch.svg
              </svg>
            </a>
          </section>
        </section>
      </aside>
      <section
        class="layout--section"
        data-testid="layout--section"
      >
        <div
          class="layout--section--content"
          data-testid="layout--section--content"
        >
          <div
            class="Toastify"
          />
          <div>
            index
          </div>
        </div>
      </section>
      <footer
        class="layout--footer"
        data-testid="layout--footer"
      >
        <div
          class="footer-container"
          data-testid="footer-container"
        >
          <p
            class="bold"
            data-testid="footer-p"
          >
            Terms&Conditions | Privacy policy
          </p>
        </div>
      </footer>
    </section>
  </main>
</DocumentFragment>
`;
