// Jest Snapshot v1, https://goo.gl/fbAQLP

exports[`should take a snapshot 1`] = `
<DocumentFragment>
  <div
    class="shimmer"
  >
    <div
      class="shimmer-line"
    />
  </div>
  <div
    class="shimmer"
  >
    <div
      class="shimmer-line"
    />
  </div>
  <div
    class="shimmer"
  >
    <div
      class="shimmer-line"
    />
  </div>
  <div
    class="shimmer"
  >
    <div
      class="shimmer-line"
    />
  </div>
  <div
    class="shimmer"
  >
    <div
      class="shimmer-line"
    />
  </div>
  <div
    class="shimmer"
  >
    <div
      class="shimmer-line"
    />
  </div>
  <div
    class="shimmer"
  >
    <div
      class="shimmer-line"
    />
  </div>
  <div
    class="shimmer"
  >
    <div
      class="shimmer-line"
    />
  </div>
  <div
    class="shimmer"
  >
    <div
      class="shimmer-line"
    />
  </div>
  <div
    class="shimmer"
  >
    <div
      class="shimmer-line"
    />
  </div>
  <div
    class="shimmer"
  >
    <div
      class="shimmer-line"
    />
  </div>
  <div
    class="shimmer"
  >
    <div
      class="shimmer-line"
    />
  </div>
  <div
    class="shimmer"
  >
    <div
      class="shimmer-line"
    />
  </div>
  <div
    class="shimmer"
  >
    <div
      class="shimmer-line"
    />
  </div>
  <div
    class="shimmer"
  >
    <div
      class="shimmer-line"
    />
  </div>
  <div
    class="shimmer"
  >
    <div
      class="shimmer-line"
    />
  </div>
</DocumentFragment>
`;
